
> react-kavia@0.1.0 start
> cross-env EDIT_MODE=true webpack serve --config .ve/webpack.config.js --mode development

<i> [webpack-dev-server] Project is running at:
<i> [webpack-dev-server] Loopback: http://localhost:3000/, http://[::1]:3000/
<i> [webpack-dev-server] On Your Network (IPv4): http://172.17.0.2:3000/
<i> [webpack-dev-server] Content not from webpack is served from './public' directory
Injecting EditorRootWrapper import: ../.ve/EditorRootWrapper
asset bundle.js 1.46 MiB [emitted] (name: main)
asset index.html 1.98 KiB [emitted]
runtime modules 27.5 KiB 14 modules
modules by path ./node_modules/ 1.24 MiB 31 modules
modules by path ./src/ 61.9 KiB
  modules by path ./src/*.js 52.7 KiB 5 modules
  modules by path ./src/*.css 9.18 KiB
    ./src/index.css 2.23 KiB [built] [code generated]
    + 3 modules
modules by path ./.ve/ 15.1 KiB
  modules by path ./.ve/*.js 10.6 KiB 2 modules
  modules by path ./.ve/*.css 2.93 KiB
    ./.ve/EditorOverlay.css 2.25 KiB [built] [code generated]
    ./node_modules/css-loader/dist/cjs.js!./.ve/EditorOverlay.css 697 bytes [built] [code generated]
  ./.ve/EditorOverlay.jsx 1.58 KiB [built] [code generated]
webpack 5.99.9 compiled successfully in 1301 ms
assets by status 1.98 KiB [cached] 1 asset
assets by path *.js 1.46 MiB
  asset bundle.js 1.46 MiB [emitted] (name: main)
  asset main.4a6f133742e24c755c2c.hot-update.js 9.19 KiB [emitted] [immutable] [hmr] (name: main)
asset main.4a6f133742e24c755c2c.hot-update.json 28 bytes [emitted] [immutable] [hmr]
Entrypoint main 1.46 MiB = bundle.js 1.46 MiB main.4a6f133742e24c755c2c.hot-update.js 9.19 KiB
cached modules 1.31 MiB [cached] 44 modules
runtime modules 27.5 KiB 14 modules
./src/FairyCat.js 6.28 KiB [built] [code generated]
webpack 5.99.9 compiled successfully in 167 ms
assets by status 1.98 KiB [cached] 1 asset
assets by path *.js 1.46 MiB
  asset bundle.js 1.46 MiB [emitted] (name: main)
  asset main.961642f282ffee1715ec.hot-update.js 9.33 KiB [emitted] [immutable] [hmr] (name: main)
asset main.961642f282ffee1715ec.hot-update.json 28 bytes [emitted] [immutable] [hmr]
Entrypoint main 1.46 MiB = bundle.js 1.46 MiB main.961642f282ffee1715ec.hot-update.js 9.33 KiB
cached modules 1.31 MiB [cached] 44 modules
runtime modules 27.5 KiB 14 modules
./src/DiceBearAvatar.js 6.3 KiB [built] [code generated]
webpack 5.99.9 compiled successfully in 68 ms
assets by status 1.98 KiB [cached] 1 asset
assets by path *.js 1.47 MiB
  asset bundle.js 1.46 MiB [emitted] (name: main)
  asset main.3b67389bf38a4c01f325.hot-update.js 10.3 KiB [emitted] [immutable] [hmr] (name: main)
asset main.3b67389bf38a4c01f325.hot-update.json 28 bytes [emitted] [immutable] [hmr]
Entrypoint main 1.47 MiB = bundle.js 1.46 MiB main.3b67389bf38a4c01f325.hot-update.js 10.3 KiB
cached modules 1.31 MiB [cached] 44 modules
runtime modules 27.5 KiB 14 modules
./src/QuickChartImage.js 7.22 KiB [built] [code generated]
webpack 5.99.9 compiled successfully in 75 ms
assets by status 1.98 KiB [cached] 1 asset
assets by path *.js 1.47 MiB
  asset bundle.js 1.43 MiB [emitted] (name: main)
  asset main.eff23df8e5165d80a882.hot-update.js 41.9 KiB [emitted] [immutable] [hmr] (name: main)
asset main.eff23df8e5165d80a882.hot-update.json 100 bytes [emitted] [immutable] [hmr]
Entrypoint main 1.47 MiB = bundle.js 1.43 MiB main.eff23df8e5165d80a882.hot-update.js 41.9 KiB
cached modules 1.26 MiB [cached] 41 modules
runtime modules 27.5 KiB 14 modules
./src/App.js 33.1 KiB [built] [code generated]
webpack 5.99.9 compiled successfully in 149 ms
assets by status 1.98 KiB [cached] 1 asset
assets by path *.js 1.47 MiB
  asset bundle.js 1.43 MiB [emitted] (name: main)
  asset main.61eab0222616a07e6412.hot-update.js 43.6 KiB [emitted] [immutable] [hmr] (name: main)
asset main.61eab0222616a07e6412.hot-update.json 28 bytes [emitted] [immutable] [hmr]
Entrypoint main 1.47 MiB = bundle.js 1.43 MiB main.61eab0222616a07e6412.hot-update.js 43.6 KiB
cached modules 1.26 MiB [cached] 41 modules
runtime modules 27.5 KiB 14 modules
./src/App.js 34.6 KiB [built] [code generated]
webpack 5.99.9 compiled successfully in 134 ms
assets by status 1.98 KiB [cached] 1 asset
assets by path *.js 1.47 MiB
  asset bundle.js 1.43 MiB [emitted] (name: main)
  asset main.d905c6b6300787981d69.hot-update.js 43.6 KiB [emitted] [immutable] [hmr] (name: main)
asset main.d905c6b6300787981d69.hot-update.json 28 bytes [emitted] [immutable] [hmr]
Entrypoint main 1.47 MiB = bundle.js 1.43 MiB main.d905c6b6300787981d69.hot-update.js 43.6 KiB
cached modules 1.26 MiB [cached] 41 modules
runtime modules 27.5 KiB 14 modules
./src/App.js 34.6 KiB [built] [code generated]
webpack 5.99.9 compiled successfully in 119 ms
